Compiling the C compiler identification source file "CMakeCCompilerId.c" failed.
Compiler: /Library/Developer/CommandLineTools/usr/bin/cc 
Build flags: 
Id flags:  

The output was:
1
ld: library 'System' not found
clang: error: linker command failed with exit code 1 (use -v to see invocation)


Compiling the CXX compiler identification source file "CMakeCXXCompilerId.cpp" failed.
Compiler: /usr/bin/g++-11 
Build flags: 
Id flags:  

The output was:
No such file or directory


Compiling the CXX compiler identification source file "CMakeCXXCompilerId.cpp" failed.
Compiler: /usr/bin/g++-11 
Build flags: 
Id flags: -c 

The output was:
No such file or directory


Compiling the CXX compiler identification source file "CMakeCXXCompilerId.cpp" failed.
Compiler: /usr/bin/g++-11 
Build flags: 
Id flags: --c++ 

The output was:
No such file or directory


Compiling the CXX compiler identification source file "CMakeCXXCompilerId.cpp" failed.
Compiler: /usr/bin/g++-11 
Build flags: 
Id flags: --ec++ 

The output was:
No such file or directory


Compiling the CXX compiler identification source file "CMakeCXXCompilerId.cpp" failed.
Compiler: /usr/bin/g++-11 
Build flags: 
Id flags: --target=arm-arm-none-eabi;-mcpu=cortex-m3 

The output was:
No such file or directory


Compiling the CXX compiler identification source file "CMakeCXXCompilerId.cpp" failed.
Compiler: /usr/bin/g++-11 
Build flags: 
Id flags: -c;-I__does_not_exist__ 

The output was:
No such file or directory


Compiling the CXX compiler identification source file "CMakeCXXCompilerId.cpp" failed.
Compiler: /usr/bin/g++-11 
Build flags: 
Id flags:  

The output was:
No such file or directory


Compiling the CXX compiler identification source file "CMakeCXXCompilerId.cpp" failed.
Compiler: /usr/bin/g++-11 
Build flags: 
Id flags: -c 

The output was:
No such file or directory


Compiling the CXX compiler identification source file "CMakeCXXCompilerId.cpp" failed.
Compiler: /usr/bin/g++-11 
Build flags: 
Id flags: --c++ 

The output was:
No such file or directory


Compiling the CXX compiler identification source file "CMakeCXXCompilerId.cpp" failed.
Compiler: /usr/bin/g++-11 
Build flags: 
Id flags: --ec++ 

The output was:
No such file or directory


Compiling the CXX compiler identification source file "CMakeCXXCompilerId.cpp" failed.
Compiler: /usr/bin/g++-11 
Build flags: 
Id flags: --target=arm-arm-none-eabi;-mcpu=cortex-m3 

The output was:
No such file or directory


Compiling the CXX compiler identification source file "CMakeCXXCompilerId.cpp" failed.
Compiler: /usr/bin/g++-11 
Build flags: 
Id flags: -c;-I__does_not_exist__ 

The output was:
No such file or directory


Checking whether the CXX compiler is IAR using "" did not match "IAR .+ Compiler":
Checking whether the CXX compiler is IAR using "" did not match "IAR .+ Compiler":
Compiling the CXX compiler identification source file "CMakeCXXCompilerId.cpp" failed.
Compiler: /usr/bin/g++-11 
Build flags: 
Id flags:  

The output was:
No such file or directory


Compiling the CXX compiler identification source file "CMakeCXXCompilerId.cpp" failed.
Compiler: /usr/bin/g++-11 
Build flags: 
Id flags: -c 

The output was:
No such file or directory


Compiling the CXX compiler identification source file "CMakeCXXCompilerId.cpp" failed.
Compiler: /usr/bin/g++-11 
Build flags: 
Id flags: --c++ 

The output was:
No such file or directory


Compiling the CXX compiler identification source file "CMakeCXXCompilerId.cpp" failed.
Compiler: /usr/bin/g++-11 
Build flags: 
Id flags: --ec++ 

The output was:
No such file or directory


Compiling the CXX compiler identification source file "CMakeCXXCompilerId.cpp" failed.
Compiler: /usr/bin/g++-11 
Build flags: 
Id flags: --target=arm-arm-none-eabi;-mcpu=cortex-m3 

The output was:
No such file or directory


Compiling the CXX compiler identification source file "CMakeCXXCompilerId.cpp" failed.
Compiler: /usr/bin/g++-11 
Build flags: 
Id flags: -c;-I__does_not_exist__ 

The output was:
No such file or directory


Compiling the CXX compiler identification source file "CMakeCXXCompilerId.cpp" failed.
Compiler: /usr/bin/g++-11 
Build flags: 
Id flags:  

The output was:
No such file or directory


Compiling the CXX compiler identification source file "CMakeCXXCompilerId.cpp" failed.
Compiler: /usr/bin/g++-11 
Build flags: 
Id flags: -c 

The output was:
No such file or directory


Compiling the CXX compiler identification source file "CMakeCXXCompilerId.cpp" failed.
Compiler: /usr/bin/g++-11 
Build flags: 
Id flags: --c++ 

The output was:
No such file or directory


Compiling the CXX compiler identification source file "CMakeCXXCompilerId.cpp" failed.
Compiler: /usr/bin/g++-11 
Build flags: 
Id flags: --ec++ 

The output was:
No such file or directory


Compiling the CXX compiler identification source file "CMakeCXXCompilerId.cpp" failed.
Compiler: /usr/bin/g++-11 
Build flags: 
Id flags: --target=arm-arm-none-eabi;-mcpu=cortex-m3 

The output was:
No such file or directory


Compiling the CXX compiler identification source file "CMakeCXXCompilerId.cpp" failed.
Compiler: /usr/bin/g++-11 
Build flags: 
Id flags: -c;-I__does_not_exist__ 

The output was:
No such file or directory


Checking whether the CXX compiler is IAR using "" did not match "IAR .+ Compiler":
Checking whether the CXX compiler is IAR using "" did not match "IAR .+ Compiler":
Compiling the CXX compiler identification source file "CMakeCXXCompilerId.cpp" failed.
Compiler: /usr/local/opt/gcc@11 
Build flags: 
Id flags:  

The output was:
Permission denied


Compiling the CXX compiler identification source file "CMakeCXXCompilerId.cpp" failed.
Compiler: /usr/local/opt/gcc@11 
Build flags: 
Id flags: -c 

The output was:
Permission denied


Compiling the CXX compiler identification source file "CMakeCXXCompilerId.cpp" failed.
Compiler: /usr/local/opt/gcc@11 
Build flags: 
Id flags: --c++ 

The output was:
Permission denied


Compiling the CXX compiler identification source file "CMakeCXXCompilerId.cpp" failed.
Compiler: /usr/local/opt/gcc@11 
Build flags: 
Id flags: --ec++ 

The output was:
Permission denied


Compiling the CXX compiler identification source file "CMakeCXXCompilerId.cpp" failed.
Compiler: /usr/local/opt/gcc@11 
Build flags: 
Id flags: --target=arm-arm-none-eabi;-mcpu=cortex-m3 

The output was:
Permission denied


Compiling the CXX compiler identification source file "CMakeCXXCompilerId.cpp" failed.
Compiler: /usr/local/opt/gcc@11 
Build flags: 
Id flags: -c;-I__does_not_exist__ 

The output was:
Permission denied


Compiling the CXX compiler identification source file "CMakeCXXCompilerId.cpp" failed.
Compiler: /usr/local/opt/gcc@11 
Build flags: 
Id flags:  

The output was:
Permission denied


Compiling the CXX compiler identification source file "CMakeCXXCompilerId.cpp" failed.
Compiler: /usr/local/opt/gcc@11 
Build flags: 
Id flags: -c 

The output was:
Permission denied


Compiling the CXX compiler identification source file "CMakeCXXCompilerId.cpp" failed.
Compiler: /usr/local/opt/gcc@11 
Build flags: 
Id flags: --c++ 

The output was:
Permission denied


Compiling the CXX compiler identification source file "CMakeCXXCompilerId.cpp" failed.
Compiler: /usr/local/opt/gcc@11 
Build flags: 
Id flags: --ec++ 

The output was:
Permission denied


Compiling the CXX compiler identification source file "CMakeCXXCompilerId.cpp" failed.
Compiler: /usr/local/opt/gcc@11 
Build flags: 
Id flags: --target=arm-arm-none-eabi;-mcpu=cortex-m3 

The output was:
Permission denied


Compiling the CXX compiler identification source file "CMakeCXXCompilerId.cpp" failed.
Compiler: /usr/local/opt/gcc@11 
Build flags: 
Id flags: -c;-I__does_not_exist__ 

The output was:
Permission denied


Checking whether the CXX compiler is IAR using "" did not match "IAR .+ Compiler":
Checking whether the CXX compiler is IAR using "" did not match "IAR .+ Compiler":
Detecting CXX compiler ABI info failed to compile with the following output:
Change Dir: /Users/adios/LSM_Tree/build/CMakeFiles/CMakeTmp

Run Build Command(s):/usr/bin/make -f Makefile cmTC_a35ec/fast && /Library/Developer/CommandLineTools/usr/bin/make  -f CMakeFiles/cmTC_a35ec.dir/build.make CMakeFiles/cmTC_a35ec.dir/build
Building CXX object CMakeFiles/cmTC_a35ec.dir/CMakeCXXCompilerABI.cpp.o
/usr/local/opt/gcc@11   -arch x86_64 -o CMakeFiles/cmTC_a35ec.dir/CMakeCXXCompilerABI.cpp.o -c /usr/local/Cellar/cmake/3.24.1/share/cmake/Modules/CMakeCXXCompilerABI.cpp
make[1]: /usr/local/opt/gcc@11: Permission denied
make[1]: *** [CMakeFiles/cmTC_a35ec.dir/CMakeCXXCompilerABI.cpp.o] Error 1
make: *** [cmTC_a35ec/fast] Error 2




Determining if the CXX compiler works failed with the following output:
Change Dir: /Users/adios/LSM_Tree/build/CMakeFiles/CMakeTmp

Run Build Command(s):/usr/bin/make -f Makefile cmTC_ba9e0/fast && /Library/Developer/CommandLineTools/usr/bin/make  -f CMakeFiles/cmTC_ba9e0.dir/build.make CMakeFiles/cmTC_ba9e0.dir/build
Building CXX object CMakeFiles/cmTC_ba9e0.dir/testCXXCompiler.cxx.o
/usr/local/opt/gcc@11   -arch x86_64 -o CMakeFiles/cmTC_ba9e0.dir/testCXXCompiler.cxx.o -c /Users/adios/LSM_Tree/build/CMakeFiles/CMakeTmp/testCXXCompiler.cxx
make[1]: /usr/local/opt/gcc@11: Permission denied
make[1]: *** [CMakeFiles/cmTC_ba9e0.dir/testCXXCompiler.cxx.o] Error 1
make: *** [cmTC_ba9e0/fast] Error 2



Compiling the CXX compiler identification source file "CMakeCXXCompilerId.cpp" failed.
Compiler: /usr/local/opt/gcc@11 
Build flags: 
Id flags:  

The output was:
Permission denied


Compiling the CXX compiler identification source file "CMakeCXXCompilerId.cpp" failed.
Compiler: /usr/local/opt/gcc@11 
Build flags: 
Id flags: -c 

The output was:
Permission denied


Compiling the CXX compiler identification source file "CMakeCXXCompilerId.cpp" failed.
Compiler: /usr/local/opt/gcc@11 
Build flags: 
Id flags: --c++ 

The output was:
Permission denied


Compiling the CXX compiler identification source file "CMakeCXXCompilerId.cpp" failed.
Compiler: /usr/local/opt/gcc@11 
Build flags: 
Id flags: --ec++ 

The output was:
Permission denied


Compiling the CXX compiler identification source file "CMakeCXXCompilerId.cpp" failed.
Compiler: /usr/local/opt/gcc@11 
Build flags: 
Id flags: --target=arm-arm-none-eabi;-mcpu=cortex-m3 

The output was:
Permission denied


Compiling the CXX compiler identification source file "CMakeCXXCompilerId.cpp" failed.
Compiler: /usr/local/opt/gcc@11 
Build flags: 
Id flags: -c;-I__does_not_exist__ 

The output was:
Permission denied


Compiling the CXX compiler identification source file "CMakeCXXCompilerId.cpp" failed.
Compiler: /usr/local/opt/gcc@11 
Build flags: 
Id flags:  

The output was:
Permission denied


Compiling the CXX compiler identification source file "CMakeCXXCompilerId.cpp" failed.
Compiler: /usr/local/opt/gcc@11 
Build flags: 
Id flags: -c 

The output was:
Permission denied


Compiling the CXX compiler identification source file "CMakeCXXCompilerId.cpp" failed.
Compiler: /usr/local/opt/gcc@11 
Build flags: 
Id flags: --c++ 

The output was:
Permission denied


Compiling the CXX compiler identification source file "CMakeCXXCompilerId.cpp" failed.
Compiler: /usr/local/opt/gcc@11 
Build flags: 
Id flags: --ec++ 

The output was:
Permission denied


Compiling the CXX compiler identification source file "CMakeCXXCompilerId.cpp" failed.
Compiler: /usr/local/opt/gcc@11 
Build flags: 
Id flags: --target=arm-arm-none-eabi;-mcpu=cortex-m3 

The output was:
Permission denied


Compiling the CXX compiler identification source file "CMakeCXXCompilerId.cpp" failed.
Compiler: /usr/local/opt/gcc@11 
Build flags: 
Id flags: -c;-I__does_not_exist__ 

The output was:
Permission denied


Checking whether the CXX compiler is IAR using "" did not match "IAR .+ Compiler":
Checking whether the CXX compiler is IAR using "" did not match "IAR .+ Compiler":
Detecting CXX compiler ABI info failed to compile with the following output:
Change Dir: /Users/adios/LSM_Tree/build/CMakeFiles/CMakeTmp

Run Build Command(s):/usr/bin/make -f Makefile cmTC_f27f2/fast && /Library/Developer/CommandLineTools/usr/bin/make  -f CMakeFiles/cmTC_f27f2.dir/build.make CMakeFiles/cmTC_f27f2.dir/build
Building CXX object CMakeFiles/cmTC_f27f2.dir/CMakeCXXCompilerABI.cpp.o
/usr/local/opt/gcc@11   -arch x86_64 -o CMakeFiles/cmTC_f27f2.dir/CMakeCXXCompilerABI.cpp.o -c /usr/local/Cellar/cmake/3.24.1/share/cmake/Modules/CMakeCXXCompilerABI.cpp
make[1]: /usr/local/opt/gcc@11: Permission denied
make[1]: *** [CMakeFiles/cmTC_f27f2.dir/CMakeCXXCompilerABI.cpp.o] Error 1
make: *** [cmTC_f27f2/fast] Error 2




Determining if the CXX compiler works failed with the following output:
Change Dir: /Users/adios/LSM_Tree/build/CMakeFiles/CMakeTmp

Run Build Command(s):/usr/bin/make -f Makefile cmTC_48e4f/fast && /Library/Developer/CommandLineTools/usr/bin/make  -f CMakeFiles/cmTC_48e4f.dir/build.make CMakeFiles/cmTC_48e4f.dir/build
Building CXX object CMakeFiles/cmTC_48e4f.dir/testCXXCompiler.cxx.o
/usr/local/opt/gcc@11   -arch x86_64 -o CMakeFiles/cmTC_48e4f.dir/testCXXCompiler.cxx.o -c /Users/adios/LSM_Tree/build/CMakeFiles/CMakeTmp/testCXXCompiler.cxx
make[1]: /usr/local/opt/gcc@11: Permission denied
make[1]: *** [CMakeFiles/cmTC_48e4f.dir/testCXXCompiler.cxx.o] Error 1
make: *** [cmTC_48e4f/fast] Error 2



